
[TestRule/success/Type - 1]

---

[TestRule/failed/Type - 1]
Found 1 errors and 0 warnings
[TypeCasingConvention]: error in Type("user_credential"): Type name "user_credential" should be GoPascalCase ("UserCredential")

---

[TestRule/success/ResultType - 1]

---

[TestRule/failed/ResultType - 1]
Found 1 errors and 0 warnings
[TypeCasingConvention]: error in ResultType("application/vnd.user_credential"): ResultType name "User_credential" should be GoPascalCase ("UserCredential")

---
