
[TestRule/failed/empty - 1]
Found 1 errors and 0 warnings
[ApiDescriptionExists]: error in API("calc3"): API should have non-empty description

---

[TestRule/failed/no_title - 1]
Found 1 errors and 0 warnings
[ApiDescriptionExists]: error in API("calc2"): API should have non-empty description

---

[TestRule/success - 1]

---
