
[TestRule/success - 1]

---

[TestRule/failed - 1]
Found 1 errors and 0 warnings
[MethodDescriptionExists]: error in service "calc2" method "add_numbers2": Method should have non-empty description

---
