
[TestRule/success - 1]

---

[TestRule/failed - 1]
Found 1 errors and 0 warnings
[ServiceDescriptionExists]: error in service "calc2": Service should have non-empty description

---
